// Jest Snapshot v1, https://goo.gl/fbAQLP

exports[`[snapshot] React stateless presentation component: App should render static JSX for the initial Redux state 1`] = `
<div>
  <AddTodo />
  <TodoList
    todos={
      Array [
        Object {
          "completed": false,
          "id": "a3b96f13-0562-4a6b-8163-e851e823cfda",
          "text": "milk",
        },
        Object {
          "completed": true,
          "id": "68f4e07e-e755-41cb-ae89-5d77096a8b06",
          "text": "eggs",
        },
        Object {
          "completed": false,
          "id": "177da1a5-71a8-4746-8f42-3b4f79518688",
          "text": "cheese",
        },
      ]
    }
  />
  <Footer
    visibilityFilter=""
  />
</div>
`;
